MSBUILD : error MSB1009: Proje dosyası yok.
